[2026-05-18 00:57:17] [INFO] [SiteTrack] Application logger initialized.||
[2026-05-18 00:57:17] [INFO] [org.hibernate.annotations.common.Version] HCANN000001: Hibernate Commons Annotations {4.0.4.Final}||
[2026-05-18 00:57:17] [INFO] [org.hibernate.Version] HHH000412: Hibernate Core {4.3.1.Final}||
[2026-05-18 00:57:17] [INFO] [org.hibernate.cfg.Environment] HHH000206: hibernate.properties not found||
[2026-05-18 00:57:17] [INFO] [org.hibernate.cfg.Environment] HHH000021: Bytecode provider name : javassist||
[2026-05-18 00:57:17] [INFO] [org.hibernate.cfg.Configuration] HHH000043: Configuring from resource: /hibernate.cfg.xml||
[2026-05-18 00:57:17] [INFO] [org.hibernate.cfg.Configuration] HHH000040: Configuration resource: /hibernate.cfg.xml||
[2026-05-18 00:57:17] [WARN] [org.hibernate.internal.util.xml.DTDEntityResolver] HHH000223: Recognized obsolete hibernate namespace http://hibernate.sourceforge.net/. Use namespace http://www.hibernate.org/dtd/ instead. Refer to Hibernate 3.6 Migration Guide!||
[2026-05-18 00:57:17] [INFO] [org.hibernate.cfg.Configuration] HHH000041: Configured SessionFactory: null||
[2026-05-18 00:57:18] [WARN] [org.hibernate.engine.jdbc.connections.internal.DriverManagerConnectionProviderImpl] HHH000402: Using Hibernate built-in connection pool (not for production use!)||
[2026-05-18 00:57:18] [INFO] [org.hibernate.engine.jdbc.connections.internal.DriverManagerConnectionProviderImpl] HHH000401: using driver [org.postgresql.Driver] at URL [jdbc:postgresql://localhost:5432/SiteTrackConstructionManager]||
[2026-05-18 00:57:18] [INFO] [org.hibernate.engine.jdbc.connections.internal.DriverManagerConnectionProviderImpl] HHH000046: Connection properties: {user=postgres, password=****}||
[2026-05-18 00:57:18] [INFO] [org.hibernate.engine.jdbc.connections.internal.DriverManagerConnectionProviderImpl] HHH000006: Autocommit mode: false||
[2026-05-18 00:57:18] [INFO] [org.hibernate.engine.jdbc.connections.internal.DriverManagerConnectionProviderImpl] HHH000115: Hibernate connection pool size: 20 (min=1)||
[2026-05-18 00:57:18] [INFO] [org.hibernate.dialect.Dialect] HHH000400: Using dialect: org.hibernate.dialect.PostgreSQLDialect||
[2026-05-18 00:57:18] [INFO] [org.hibernate.engine.jdbc.internal.LobCreatorBuilder] HHH000424: Disabling contextual LOB creation as createClob() method threw error : java.lang.reflect.InvocationTargetException||
[2026-05-18 00:57:18] [INFO] [org.hibernate.engine.transaction.internal.TransactionFactoryInitiator] HHH000399: Using default transaction strategy (direct JDBC transactions)||
[2026-05-18 00:57:18] [INFO] [org.hibernate.hql.internal.ast.ASTQueryTranslatorFactory] HHH000397: Using ASTQueryTranslatorFactory||
[2026-05-18 00:57:19] [INFO] [org.hibernate.tool.hbm2ddl.SchemaUpdate] HHH000228: Running hbm2ddl schema update||
[2026-05-18 00:57:19] [INFO] [org.hibernate.tool.hbm2ddl.SchemaUpdate] HHH000102: Fetching database metadata||
[2026-05-18 00:57:20] [INFO] [org.hibernate.tool.hbm2ddl.SchemaUpdate] HHH000396: Updating schema||
[2026-05-18 00:57:20] [INFO] [java.sql.DatabaseMetaData] HHH000262: Table not found: audit_logs||
[2026-05-18 00:57:20] [INFO] [org.hibernate.tool.hbm2ddl.TableMetadata] HHH000261: Table found: public.material_categories||
[2026-05-18 00:57:20] [INFO] [org.hibernate.tool.hbm2ddl.TableMetadata] HHH000037: Columns: [unit, category_name, updated_at, created_at, description, id]||
[2026-05-18 00:57:20] [INFO] [org.hibernate.tool.hbm2ddl.TableMetadata] HHH000108: Foreign keys: []||
[2026-05-18 00:57:20] [INFO] [org.hibernate.tool.hbm2ddl.TableMetadata] HHH000126: Indexes: [material_categories_pkey]||
[2026-05-18 00:57:20] [INFO] [org.hibernate.tool.hbm2ddl.TableMetadata] HHH000261: Table found: public.material_purchases||
[2026-05-18 00:57:20] [INFO] [org.hibernate.tool.hbm2ddl.TableMetadata] HHH000037: Columns: [quantity, stock_status, total_price, updated_at, project_id, recorded_by, created_at, material_id, id, purchase_date, supplier_name, unit_price]||
[2026-05-18 00:57:20] [INFO] [org.hibernate.tool.hbm2ddl.TableMetadata] HHH000108: Foreign keys: [fk_b249c7btf1lyd969hy1x4t60e, fk_lfx44og3q1turtsstgp0afkx0, fk_su8ooe6sahrn1iotegrns13oi]||
[2026-05-18 00:57:20] [INFO] [org.hibernate.tool.hbm2ddl.TableMetadata] HHH000126: Indexes: [material_purchases_pkey]||
[2026-05-18 00:57:20] [INFO] [org.hibernate.tool.hbm2ddl.TableMetadata] HHH000261: Table found: public.material_stock_movements||
[2026-05-18 00:57:20] [INFO] [org.hibernate.tool.hbm2ddl.TableMetadata] HHH000037: Columns: [quantity, reference_id, total_price, created_at, description, movement_date, unit_price, reference_type, updated_at, movement_type, project_id, recorded_by, material_id, id]||
[2026-05-18 00:57:20] [INFO] [org.hibernate.tool.hbm2ddl.TableMetadata] HHH000108: Foreign keys: [fk_2fo80nf7lk5h40ivv86cswoj3, fk_1l2tc672xqf6yx20vgsck8h7i, fk_qxu91tk4hy1wlh15pv4iaq5un]||
[2026-05-18 00:57:20] [INFO] [org.hibernate.tool.hbm2ddl.TableMetadata] HHH000126: Indexes: [material_stock_movements_pkey]||
[2026-05-18 00:57:20] [INFO] [org.hibernate.tool.hbm2ddl.TableMetadata] HHH000261: Table found: public.material_usage||
[2026-05-18 00:57:20] [INFO] [org.hibernate.tool.hbm2ddl.TableMetadata] HHH000037: Columns: [total_cost, updated_at, project_id, recorded_by, quantity_used, created_at, usage_date, activity_description, material_id, id, unit_price]||
[2026-05-18 00:57:20] [INFO] [org.hibernate.tool.hbm2ddl.TableMetadata] HHH000108: Foreign keys: [fk_7hx10vhy5ey5wfrlwogdspein, fk_pbt07j5gv27kqbbc6hlgxapg5, fk_byr4ssxggtlvr357rklc07w0g]||
[2026-05-18 00:57:20] [INFO] [org.hibernate.tool.hbm2ddl.TableMetadata] HHH000126: Indexes: [material_usage_pkey]||
[2026-05-18 00:57:20] [INFO] [org.hibernate.tool.hbm2ddl.TableMetadata] HHH000261: Table found: public.materials||
[2026-05-18 00:57:20] [INFO] [org.hibernate.tool.hbm2ddl.TableMetadata] HHH000037: Columns: [unit, updated_at, category_id, created_at, description, id, current_price, material_name, status]||
[2026-05-18 00:57:20] [INFO] [org.hibernate.tool.hbm2ddl.TableMetadata] HHH000108: Foreign keys: [fk_kd7llknh36bbct8opwvt2kuvn]||
[2026-05-18 00:57:20] [INFO] [org.hibernate.tool.hbm2ddl.TableMetadata] HHH000126: Indexes: [materials_pkey]||
[2026-05-18 00:57:20] [INFO] [org.hibernate.tool.hbm2ddl.TableMetadata] HHH000261: Table found: public.notification_logs||
[2026-05-18 00:57:20] [INFO] [org.hibernate.tool.hbm2ddl.TableMetadata] HHH000037: Columns: [event_type, user_id, channel, created_at, id, message, status]||
[2026-05-18 00:57:20] [INFO] [org.hibernate.tool.hbm2ddl.TableMetadata] HHH000108: Foreign keys: [fk_fpjs14g3f73ucp19o0a6s4v6k]||
[2026-05-18 00:57:20] [INFO] [org.hibernate.tool.hbm2ddl.TableMetadata] HHH000126: Indexes: [notification_logs_pkey]||
[2026-05-18 00:57:20] [INFO] [org.hibernate.tool.hbm2ddl.TableMetadata] HHH000261: Table found: public.otp_verifications||
[2026-05-18 00:57:20] [INFO] [org.hibernate.tool.hbm2ddl.TableMetadata] HHH000037: Columns: [expires_at, user_id, created_at, id, otp_code, is_used]||
[2026-05-18 00:57:20] [INFO] [org.hibernate.tool.hbm2ddl.TableMetadata] HHH000108: Foreign keys: [fk_f3lc57b1vh68a3ar3ubajnd45]||
[2026-05-18 00:57:20] [INFO] [org.hibernate.tool.hbm2ddl.TableMetadata] HHH000126: Indexes: [otp_verifications_pkey]||
[2026-05-18 00:57:20] [INFO] [org.hibernate.tool.hbm2ddl.TableMetadata] HHH000261: Table found: public.project_activities||
[2026-05-18 00:57:20] [INFO] [org.hibernate.tool.hbm2ddl.TableMetadata] HHH000037: Columns: [updated_at, project_id, recorded_by, activity_date, progress_percentage, created_at, activity_description, id, activity_title]||
[2026-05-18 00:57:20] [INFO] [org.hibernate.tool.hbm2ddl.TableMetadata] HHH000108: Foreign keys: [fk_s8m8t9x2xas6nd4kol7om9pig, fk_t57mdxa9yid72jy805k94htgm]||
[2026-05-18 00:57:20] [INFO] [org.hibernate.tool.hbm2ddl.TableMetadata] HHH000126: Indexes: [project_activities_pkey]||
[2026-05-18 00:57:20] [INFO] [org.hibernate.tool.hbm2ddl.TableMetadata] HHH000261: Table found: public.project_managers||
[2026-05-18 00:57:20] [INFO] [org.hibernate.tool.hbm2ddl.TableMetadata] HHH000037: Columns: [assigned_date, updated_at, project_id, user_id, created_at, id, status]||
[2026-05-18 00:57:20] [INFO] [org.hibernate.tool.hbm2ddl.TableMetadata] HHH000108: Foreign keys: [fk_7s3dd4f4r13qpl9u3j9b3tbjv, fk_fajho7ajrfvknlubptw985w7s]||
[2026-05-18 00:57:20] [INFO] [org.hibernate.tool.hbm2ddl.TableMetadata] HHH000126: Indexes: [project_managers_pkey]||
[2026-05-18 00:57:20] [INFO] [org.hibernate.tool.hbm2ddl.TableMetadata] HHH000261: Table found: public.project_material_stock||
[2026-05-18 00:57:20] [INFO] [org.hibernate.tool.hbm2ddl.TableMetadata] HHH000037: Columns: [updated_at, project_id, created_at, material_id, id, minimum_quantity, average_unit_price, quantity_available]||
[2026-05-18 00:57:20] [INFO] [org.hibernate.tool.hbm2ddl.TableMetadata] HHH000108: Foreign keys: [fk_27r4flo34cxv24q8h6ms9e2x7, fk_q9hksk3trna3w4a32hw8h7nls]||
[2026-05-18 00:57:20] [INFO] [org.hibernate.tool.hbm2ddl.TableMetadata] HHH000126: Indexes: [uk_6j0of23quj2xmfdq6v1blmwbn, project_material_stock_pkey]||
[2026-05-18 00:57:20] [INFO] [org.hibernate.tool.hbm2ddl.TableMetadata] HHH000261: Table found: public.projects||
[2026-05-18 00:57:20] [INFO] [org.hibernate.tool.hbm2ddl.TableMetadata] HHH000037: Columns: [updated_at, created_at, description, expected_end_date, location, id, project_name, created_by, start_date, status]||
[2026-05-18 00:57:20] [INFO] [org.hibernate.tool.hbm2ddl.TableMetadata] HHH000108: Foreign keys: [fk_9x0rw24jpb6t5ww269okw7q84]||
[2026-05-18 00:57:20] [INFO] [org.hibernate.tool.hbm2ddl.TableMetadata] HHH000126: Indexes: [projects_pkey]||
[2026-05-18 00:57:20] [INFO] [org.hibernate.tool.hbm2ddl.TableMetadata] HHH000261: Table found: public.site_workers||
[2026-05-18 00:57:20] [INFO] [org.hibernate.tool.hbm2ddl.TableMetadata] HHH000037: Columns: [daily_rate, full_name, updated_at, phone, created_at, id, worker_type_id, status]||
[2026-05-18 00:57:20] [INFO] [org.hibernate.tool.hbm2ddl.TableMetadata] HHH000108: Foreign keys: [fk_auk56h82xq2athhb7vp5yilde]||
[2026-05-18 00:57:20] [INFO] [org.hibernate.tool.hbm2ddl.TableMetadata] HHH000126: Indexes: [site_workers_pkey]||
[2026-05-18 00:57:20] [INFO] [org.hibernate.tool.hbm2ddl.TableMetadata] HHH000261: Table found: public.usage_purchase_allocations||
[2026-05-18 00:57:20] [INFO] [org.hibernate.tool.hbm2ddl.TableMetadata] HHH000037: Columns: [purchase_id, id, allocated_quantity, usage_id]||
[2026-05-18 00:57:20] [INFO] [org.hibernate.tool.hbm2ddl.TableMetadata] HHH000108: Foreign keys: [fk_ibjd6q446esbxntgwmth15ryi, fk_piptm88l9ygpmg95a9e8426fe]||
[2026-05-18 00:57:20] [INFO] [org.hibernate.tool.hbm2ddl.TableMetadata] HHH000126: Indexes: [usage_purchase_allocations_pkey]||
[2026-05-18 00:57:20] [INFO] [org.hibernate.tool.hbm2ddl.TableMetadata] HHH000261: Table found: public.users||
[2026-05-18 00:57:20] [INFO] [org.hibernate.tool.hbm2ddl.TableMetadata] HHH000037: Columns: [password, full_name, role, updated_at, phone, created_at, id, email, status, username]||
[2026-05-18 00:57:20] [INFO] [org.hibernate.tool.hbm2ddl.TableMetadata] HHH000108: Foreign keys: []||
[2026-05-18 00:57:20] [INFO] [org.hibernate.tool.hbm2ddl.TableMetadata] HHH000126: Indexes: [uk_r43af9ap4edm43mmtq01oddj6, uk_6dotkott2kjsp8vw4d0m25fb7, users_pkey]||
[2026-05-18 00:57:20] [INFO] [org.hibernate.tool.hbm2ddl.TableMetadata] HHH000261: Table found: public.worker_attendance||
[2026-05-18 00:57:20] [INFO] [org.hibernate.tool.hbm2ddl.TableMetadata] HHH000037: Columns: [updated_at, work_date, work_description, project_id, recorded_by, created_at, id, attendance_status, worker_id]||
[2026-05-18 00:57:20] [INFO] [org.hibernate.tool.hbm2ddl.TableMetadata] HHH000108: Foreign keys: [fk_4dms5w0xn91u3y1m86bt5kcml, fk_brsj4u8ga6eqcvjchg7exehg4, fk_bi2cgani2ju0vx5962wdeof0f]||
[2026-05-18 00:57:20] [INFO] [org.hibernate.tool.hbm2ddl.TableMetadata] HHH000126: Indexes: [worker_attendance_pkey, uk_ps3fk9v24w26r0v3n850gsayb]||
[2026-05-18 00:57:20] [INFO] [org.hibernate.tool.hbm2ddl.TableMetadata] HHH000261: Table found: public.worker_payments||
[2026-05-18 00:57:20] [INFO] [org.hibernate.tool.hbm2ddl.TableMetadata] HHH000037: Columns: [attendance_id, amount_paid, daily_rate, notes, work_date, payment_status, created_at, worker_id, updated_at, project_id, id, paid_by, amount_owed]||
[2026-05-18 00:57:20] [INFO] [org.hibernate.tool.hbm2ddl.TableMetadata] HHH000108: Foreign keys: [fk_bbd7x8582w33yc431p4fapbp4, fk_msu8wp6yq5qu7rp8ti5u2u8rl, fk_9x9nq25nfmmn9xts7jq3nl8ii, fk_qd30kolcqycrbnwqvg1l8ebxp]||
[2026-05-18 00:57:20] [INFO] [org.hibernate.tool.hbm2ddl.TableMetadata] HHH000126: Indexes: [worker_payments_pkey, uk_9x9nq25nfmmn9xts7jq3nl8ii]||
[2026-05-18 00:57:20] [INFO] [org.hibernate.tool.hbm2ddl.TableMetadata] HHH000261: Table found: public.worker_types||
[2026-05-18 00:57:20] [INFO] [org.hibernate.tool.hbm2ddl.TableMetadata] HHH000037: Columns: [type_name, updated_at, created_at, description, id, default_daily_rate]||
[2026-05-18 00:57:20] [INFO] [org.hibernate.tool.hbm2ddl.TableMetadata] HHH000108: Foreign keys: []||
[2026-05-18 00:57:20] [INFO] [org.hibernate.tool.hbm2ddl.TableMetadata] HHH000126: Indexes: [worker_types_pkey]||
[2026-05-18 00:57:20] [INFO] [java.sql.DatabaseMetaData] HHH000262: Table not found: audit_logs||
[2026-05-18 00:57:20] [INFO] [java.sql.DatabaseMetaData] HHH000262: Table not found: audit_logs||
[2026-05-18 00:57:21] [INFO] [org.hibernate.tool.hbm2ddl.SchemaUpdate] HHH000232: Schema update complete||
[2026-05-18 00:57:21] [INFO] [SiteTrack] RMI registry started on port 4567||
[2026-05-18 00:57:42] [INFO] [org.hibernate.cfg.Configuration] HHH000043: Configuring from resource: /hibernate.cfg.xml||
[2026-05-18 00:57:42] [INFO] [org.hibernate.cfg.Configuration] HHH000040: Configuration resource: /hibernate.cfg.xml||
[2026-05-18 00:57:42] [WARN] [org.hibernate.internal.util.xml.DTDEntityResolver] HHH000223: Recognized obsolete hibernate namespace http://hibernate.sourceforge.net/. Use namespace http://www.hibernate.org/dtd/ instead. Refer to Hibernate 3.6 Migration Guide!||
[2026-05-18 00:57:42] [INFO] [org.hibernate.cfg.Configuration] HHH000041: Configured SessionFactory: null||
[2026-05-18 00:57:42] [WARN] [org.hibernate.engine.jdbc.connections.internal.DriverManagerConnectionProviderImpl] HHH000402: Using Hibernate built-in connection pool (not for production use!)||
[2026-05-18 00:57:42] [INFO] [org.hibernate.engine.jdbc.connections.internal.DriverManagerConnectionProviderImpl] HHH000401: using driver [org.postgresql.Driver] at URL [jdbc:postgresql://localhost:5432/SiteTrackConstructionManager]||
[2026-05-18 00:57:42] [INFO] [org.hibernate.engine.jdbc.connections.internal.DriverManagerConnectionProviderImpl] HHH000046: Connection properties: {user=postgres, password=****}||
[2026-05-18 00:57:42] [INFO] [org.hibernate.engine.jdbc.connections.internal.DriverManagerConnectionProviderImpl] HHH000006: Autocommit mode: false||
[2026-05-18 00:57:42] [INFO] [org.hibernate.engine.jdbc.connections.internal.DriverManagerConnectionProviderImpl] HHH000115: Hibernate connection pool size: 20 (min=1)||
[2026-05-18 00:57:42] [INFO] [org.hibernate.dialect.Dialect] HHH000400: Using dialect: org.hibernate.dialect.PostgreSQLDialect||
[2026-05-18 00:57:42] [INFO] [org.hibernate.engine.jdbc.internal.LobCreatorBuilder] HHH000424: Disabling contextual LOB creation as createClob() method threw error : java.lang.reflect.InvocationTargetException||
[2026-05-18 00:57:43] [INFO] [org.hibernate.engine.transaction.internal.TransactionFactoryInitiator] HHH000399: Using default transaction strategy (direct JDBC transactions)||
[2026-05-18 00:57:43] [INFO] [org.hibernate.hql.internal.ast.ASTQueryTranslatorFactory] HHH000397: Using ASTQueryTranslatorFactory||
[2026-05-18 00:57:43] [INFO] [org.hibernate.tool.hbm2ddl.SchemaUpdate] HHH000228: Running hbm2ddl schema update||
[2026-05-18 00:57:43] [INFO] [org.hibernate.tool.hbm2ddl.SchemaUpdate] HHH000102: Fetching database metadata||
[2026-05-18 00:57:43] [INFO] [org.hibernate.tool.hbm2ddl.SchemaUpdate] HHH000396: Updating schema||
[2026-05-18 00:57:43] [INFO] [org.hibernate.tool.hbm2ddl.TableMetadata] HHH000261: Table found: public.audit_logs||
[2026-05-18 00:57:43] [INFO] [org.hibernate.tool.hbm2ddl.TableMetadata] HHH000037: Columns: [event_type, entity_name, user_id, created_at, details, id, ip_address, username]||
[2026-05-18 00:57:43] [INFO] [org.hibernate.tool.hbm2ddl.TableMetadata] HHH000108: Foreign keys: []||
[2026-05-18 00:57:43] [INFO] [org.hibernate.tool.hbm2ddl.TableMetadata] HHH000126: Indexes: [audit_logs_pkey]||
[2026-05-18 00:57:43] [INFO] [org.hibernate.tool.hbm2ddl.TableMetadata] HHH000261: Table found: public.material_categories||
[2026-05-18 00:57:43] [INFO] [org.hibernate.tool.hbm2ddl.TableMetadata] HHH000037: Columns: [unit, category_name, updated_at, created_at, description, id]||
[2026-05-18 00:57:43] [INFO] [org.hibernate.tool.hbm2ddl.TableMetadata] HHH000108: Foreign keys: []||
[2026-05-18 00:57:43] [INFO] [org.hibernate.tool.hbm2ddl.TableMetadata] HHH000126: Indexes: [material_categories_pkey]||
[2026-05-18 00:57:43] [INFO] [org.hibernate.tool.hbm2ddl.TableMetadata] HHH000261: Table found: public.material_purchases||
[2026-05-18 00:57:43] [INFO] [org.hibernate.tool.hbm2ddl.TableMetadata] HHH000037: Columns: [quantity, stock_status, total_price, updated_at, project_id, recorded_by, created_at, material_id, id, purchase_date, supplier_name, unit_price]||
[2026-05-18 00:57:43] [INFO] [org.hibernate.tool.hbm2ddl.TableMetadata] HHH000108: Foreign keys: [fk_b249c7btf1lyd969hy1x4t60e, fk_lfx44og3q1turtsstgp0afkx0, fk_su8ooe6sahrn1iotegrns13oi]||
[2026-05-18 00:57:43] [INFO] [org.hibernate.tool.hbm2ddl.TableMetadata] HHH000126: Indexes: [material_purchases_pkey]||
[2026-05-18 00:57:43] [INFO] [org.hibernate.tool.hbm2ddl.TableMetadata] HHH000261: Table found: public.material_stock_movements||
[2026-05-18 00:57:43] [INFO] [org.hibernate.tool.hbm2ddl.TableMetadata] HHH000037: Columns: [quantity, reference_id, total_price, created_at, description, movement_date, unit_price, reference_type, updated_at, movement_type, project_id, recorded_by, material_id, id]||
[2026-05-18 00:57:43] [INFO] [org.hibernate.tool.hbm2ddl.TableMetadata] HHH000108: Foreign keys: [fk_2fo80nf7lk5h40ivv86cswoj3, fk_1l2tc672xqf6yx20vgsck8h7i, fk_qxu91tk4hy1wlh15pv4iaq5un]||
[2026-05-18 00:57:43] [INFO] [org.hibernate.tool.hbm2ddl.TableMetadata] HHH000126: Indexes: [material_stock_movements_pkey]||
[2026-05-18 00:57:43] [INFO] [org.hibernate.tool.hbm2ddl.TableMetadata] HHH000261: Table found: public.material_usage||
[2026-05-18 00:57:43] [INFO] [org.hibernate.tool.hbm2ddl.TableMetadata] HHH000037: Columns: [total_cost, updated_at, project_id, recorded_by, quantity_used, created_at, usage_date, activity_description, material_id, id, unit_price]||
[2026-05-18 00:57:43] [INFO] [org.hibernate.tool.hbm2ddl.TableMetadata] HHH000108: Foreign keys: [fk_7hx10vhy5ey5wfrlwogdspein, fk_pbt07j5gv27kqbbc6hlgxapg5, fk_byr4ssxggtlvr357rklc07w0g]||
[2026-05-18 00:57:43] [INFO] [org.hibernate.tool.hbm2ddl.TableMetadata] HHH000126: Indexes: [material_usage_pkey]||
[2026-05-18 00:57:43] [INFO] [org.hibernate.tool.hbm2ddl.TableMetadata] HHH000261: Table found: public.materials||
[2026-05-18 00:57:43] [INFO] [org.hibernate.tool.hbm2ddl.TableMetadata] HHH000037: Columns: [unit, updated_at, category_id, created_at, description, id, current_price, material_name, status]||
[2026-05-18 00:57:43] [INFO] [org.hibernate.tool.hbm2ddl.TableMetadata] HHH000108: Foreign keys: [fk_kd7llknh36bbct8opwvt2kuvn]||
[2026-05-18 00:57:43] [INFO] [org.hibernate.tool.hbm2ddl.TableMetadata] HHH000126: Indexes: [materials_pkey]||
[2026-05-18 00:57:43] [INFO] [org.hibernate.tool.hbm2ddl.TableMetadata] HHH000261: Table found: public.notification_logs||
[2026-05-18 00:57:43] [INFO] [org.hibernate.tool.hbm2ddl.TableMetadata] HHH000037: Columns: [event_type, user_id, channel, created_at, id, message, status]||
[2026-05-18 00:57:43] [INFO] [org.hibernate.tool.hbm2ddl.TableMetadata] HHH000108: Foreign keys: [fk_fpjs14g3f73ucp19o0a6s4v6k]||
[2026-05-18 00:57:43] [INFO] [org.hibernate.tool.hbm2ddl.TableMetadata] HHH000126: Indexes: [notification_logs_pkey]||
[2026-05-18 00:57:43] [INFO] [org.hibernate.tool.hbm2ddl.TableMetadata] HHH000261: Table found: public.otp_verifications||
[2026-05-18 00:57:43] [INFO] [org.hibernate.tool.hbm2ddl.TableMetadata] HHH000037: Columns: [expires_at, user_id, created_at, id, otp_code, is_used]||
[2026-05-18 00:57:43] [INFO] [org.hibernate.tool.hbm2ddl.TableMetadata] HHH000108: Foreign keys: [fk_f3lc57b1vh68a3ar3ubajnd45]||
[2026-05-18 00:57:43] [INFO] [org.hibernate.tool.hbm2ddl.TableMetadata] HHH000126: Indexes: [otp_verifications_pkey]||
[2026-05-18 00:57:43] [INFO] [org.hibernate.tool.hbm2ddl.TableMetadata] HHH000261: Table found: public.project_activities||
[2026-05-18 00:57:43] [INFO] [org.hibernate.tool.hbm2ddl.TableMetadata] HHH000037: Columns: [updated_at, project_id, recorded_by, activity_date, progress_percentage, created_at, activity_description, id, activity_title]||
[2026-05-18 00:57:43] [INFO] [org.hibernate.tool.hbm2ddl.TableMetadata] HHH000108: Foreign keys: [fk_s8m8t9x2xas6nd4kol7om9pig, fk_t57mdxa9yid72jy805k94htgm]||
[2026-05-18 00:57:43] [INFO] [org.hibernate.tool.hbm2ddl.TableMetadata] HHH000126: Indexes: [project_activities_pkey]||
[2026-05-18 00:57:43] [INFO] [org.hibernate.tool.hbm2ddl.TableMetadata] HHH000261: Table found: public.project_managers||
[2026-05-18 00:57:43] [INFO] [org.hibernate.tool.hbm2ddl.TableMetadata] HHH000037: Columns: [assigned_date, updated_at, project_id, user_id, created_at, id, status]||
[2026-05-18 00:57:43] [INFO] [org.hibernate.tool.hbm2ddl.TableMetadata] HHH000108: Foreign keys: [fk_7s3dd4f4r13qpl9u3j9b3tbjv, fk_fajho7ajrfvknlubptw985w7s]||
[2026-05-18 00:57:43] [INFO] [org.hibernate.tool.hbm2ddl.TableMetadata] HHH000126: Indexes: [project_managers_pkey]||
[2026-05-18 00:57:43] [INFO] [org.hibernate.tool.hbm2ddl.TableMetadata] HHH000261: Table found: public.project_material_stock||
[2026-05-18 00:57:43] [INFO] [org.hibernate.tool.hbm2ddl.TableMetadata] HHH000037: Columns: [updated_at, project_id, created_at, material_id, id, minimum_quantity, average_unit_price, quantity_available]||
[2026-05-18 00:57:43] [INFO] [org.hibernate.tool.hbm2ddl.TableMetadata] HHH000108: Foreign keys: [fk_27r4flo34cxv24q8h6ms9e2x7, fk_q9hksk3trna3w4a32hw8h7nls]||
[2026-05-18 00:57:43] [INFO] [org.hibernate.tool.hbm2ddl.TableMetadata] HHH000126: Indexes: [uk_6j0of23quj2xmfdq6v1blmwbn, project_material_stock_pkey]||
[2026-05-18 00:57:43] [INFO] [org.hibernate.tool.hbm2ddl.TableMetadata] HHH000261: Table found: public.projects||
[2026-05-18 00:57:43] [INFO] [org.hibernate.tool.hbm2ddl.TableMetadata] HHH000037: Columns: [updated_at, created_at, description, expected_end_date, location, id, project_name, created_by, start_date, status]||
[2026-05-18 00:57:43] [INFO] [org.hibernate.tool.hbm2ddl.TableMetadata] HHH000108: Foreign keys: [fk_9x0rw24jpb6t5ww269okw7q84]||
[2026-05-18 00:57:43] [INFO] [org.hibernate.tool.hbm2ddl.TableMetadata] HHH000126: Indexes: [projects_pkey]||
[2026-05-18 00:57:43] [INFO] [org.hibernate.tool.hbm2ddl.TableMetadata] HHH000261: Table found: public.site_workers||
[2026-05-18 00:57:43] [INFO] [org.hibernate.tool.hbm2ddl.TableMetadata] HHH000037: Columns: [daily_rate, full_name, updated_at, phone, created_at, id, worker_type_id, status]||
[2026-05-18 00:57:43] [INFO] [org.hibernate.tool.hbm2ddl.TableMetadata] HHH000108: Foreign keys: [fk_auk56h82xq2athhb7vp5yilde]||
[2026-05-18 00:57:43] [INFO] [org.hibernate.tool.hbm2ddl.TableMetadata] HHH000126: Indexes: [site_workers_pkey]||
[2026-05-18 00:57:43] [INFO] [org.hibernate.tool.hbm2ddl.TableMetadata] HHH000261: Table found: public.usage_purchase_allocations||
[2026-05-18 00:57:43] [INFO] [org.hibernate.tool.hbm2ddl.TableMetadata] HHH000037: Columns: [purchase_id, id, allocated_quantity, usage_id]||
[2026-05-18 00:57:43] [INFO] [org.hibernate.tool.hbm2ddl.TableMetadata] HHH000108: Foreign keys: [fk_ibjd6q446esbxntgwmth15ryi, fk_piptm88l9ygpmg95a9e8426fe]||
[2026-05-18 00:57:43] [INFO] [org.hibernate.tool.hbm2ddl.TableMetadata] HHH000126: Indexes: [usage_purchase_allocations_pkey]||
[2026-05-18 00:57:43] [INFO] [org.hibernate.tool.hbm2ddl.TableMetadata] HHH000261: Table found: public.users||
[2026-05-18 00:57:43] [INFO] [org.hibernate.tool.hbm2ddl.TableMetadata] HHH000037: Columns: [password, full_name, role, updated_at, phone, created_at, id, email, status, username]||
[2026-05-18 00:57:43] [INFO] [org.hibernate.tool.hbm2ddl.TableMetadata] HHH000108: Foreign keys: []||
[2026-05-18 00:57:43] [INFO] [org.hibernate.tool.hbm2ddl.TableMetadata] HHH000126: Indexes: [uk_r43af9ap4edm43mmtq01oddj6, uk_6dotkott2kjsp8vw4d0m25fb7, users_pkey]||
[2026-05-18 00:57:43] [INFO] [org.hibernate.tool.hbm2ddl.TableMetadata] HHH000261: Table found: public.worker_attendance||
[2026-05-18 00:57:43] [INFO] [org.hibernate.tool.hbm2ddl.TableMetadata] HHH000037: Columns: [updated_at, work_date, work_description, project_id, recorded_by, created_at, id, attendance_status, worker_id]||
[2026-05-18 00:57:43] [INFO] [org.hibernate.tool.hbm2ddl.TableMetadata] HHH000108: Foreign keys: [fk_4dms5w0xn91u3y1m86bt5kcml, fk_brsj4u8ga6eqcvjchg7exehg4, fk_bi2cgani2ju0vx5962wdeof0f]||
[2026-05-18 00:57:43] [INFO] [org.hibernate.tool.hbm2ddl.TableMetadata] HHH000126: Indexes: [worker_attendance_pkey, uk_ps3fk9v24w26r0v3n850gsayb]||
[2026-05-18 00:57:43] [INFO] [org.hibernate.tool.hbm2ddl.TableMetadata] HHH000261: Table found: public.worker_payments||
[2026-05-18 00:57:43] [INFO] [org.hibernate.tool.hbm2ddl.TableMetadata] HHH000037: Columns: [attendance_id, amount_paid, daily_rate, notes, work_date, payment_status, created_at, worker_id, updated_at, project_id, id, paid_by, amount_owed]||
[2026-05-18 00:57:43] [INFO] [org.hibernate.tool.hbm2ddl.TableMetadata] HHH000108: Foreign keys: [fk_bbd7x8582w33yc431p4fapbp4, fk_msu8wp6yq5qu7rp8ti5u2u8rl, fk_9x9nq25nfmmn9xts7jq3nl8ii, fk_qd30kolcqycrbnwqvg1l8ebxp]||
[2026-05-18 00:57:43] [INFO] [org.hibernate.tool.hbm2ddl.TableMetadata] HHH000126: Indexes: [worker_payments_pkey, uk_9x9nq25nfmmn9xts7jq3nl8ii]||
[2026-05-18 00:57:43] [INFO] [org.hibernate.tool.hbm2ddl.TableMetadata] HHH000261: Table found: public.worker_types||
[2026-05-18 00:57:43] [INFO] [org.hibernate.tool.hbm2ddl.TableMetadata] HHH000037: Columns: [type_name, updated_at, created_at, description, id, default_daily_rate]||
[2026-05-18 00:57:43] [INFO] [org.hibernate.tool.hbm2ddl.TableMetadata] HHH000108: Foreign keys: []||
[2026-05-18 00:57:43] [INFO] [org.hibernate.tool.hbm2ddl.TableMetadata] HHH000126: Indexes: [worker_types_pkey]||
[2026-05-18 00:57:43] [INFO] [org.hibernate.tool.hbm2ddl.SchemaUpdate] HHH000232: Schema update complete||
[2026-05-18 00:57:44] [WARN] [org.hibernate.engine.jdbc.spi.SqlExceptionHelper] SQL Error: 0, SQLState: 42P01||
[2026-05-18 00:57:44] [ERROR] [org.hibernate.engine.jdbc.spi.SqlExceptionHelper] ERROR: relation "seq_audit_logs_id" does not exist
  Position: 16||
[2026-05-18 00:59:10] [WARN] [org.hibernate.engine.jdbc.spi.SqlExceptionHelper] SQL Error: 0, SQLState: 42P01||
[2026-05-18 00:59:10] [ERROR] [org.hibernate.engine.jdbc.spi.SqlExceptionHelper] ERROR: relation "seq_audit_logs_id" does not exist
  Position: 16||
[2026-05-18 00:59:12] [WARN] [org.hibernate.engine.jdbc.spi.SqlExceptionHelper] SQL Error: 0, SQLState: 42P01||
[2026-05-18 00:59:12] [ERROR] [org.hibernate.engine.jdbc.spi.SqlExceptionHelper] ERROR: relation "seq_audit_logs_id" does not exist
  Position: 16||
